ℹ [3779/3807] Replayed CsdLean4.Mathlib.QuantumInfo.Reversible.Eval
info: CsdLean4/Mathlib/QuantumInfo/Reversible/Eval.lean:215:0: 0
info: CsdLean4/Mathlib/QuantumInfo/Reversible/Eval.lean:220:0: 2
ℹ [3781/3807] Replayed CsdLean4.Mathlib.QuantumInfo.Reversible.CuccaroAdd
info: CsdLean4/Mathlib/QuantumInfo/Reversible/CuccaroAdd.lean:497:0: 3
info: CsdLean4/Mathlib/QuantumInfo/Reversible/CuccaroAdd.lean:502:0: 6
info: CsdLean4/Mathlib/QuantumInfo/Reversible/CuccaroAdd.lean:507:0: false
ℹ [3782/3807] Replayed CsdLean4.Mathlib.QuantumInfo.Reversible.AndAdd
info: CsdLean4/Mathlib/QuantumInfo/Reversible/AndAdd.lean:765:0: 1
info: CsdLean4/Mathlib/QuantumInfo/Reversible/AndAdd.lean:770:0: false
info: CsdLean4/Mathlib/QuantumInfo/Reversible/AndAdd.lean:772:0: false
info: CsdLean4/Mathlib/QuantumInfo/Reversible/AndAdd.lean:774:0: false
ℹ [3783/3807] Replayed CsdLean4.Mathlib.QuantumInfo.Reversible.ModularDouble
info: CsdLean4/Mathlib/QuantumInfo/Reversible/ModularDouble.lean:489:0: 1
info: CsdLean4/Mathlib/QuantumInfo/Reversible/ModularDouble.lean:494:0: 2
ℹ [3784/3807] Replayed CsdLean4.Mathlib.QuantumInfo.Reversible.ModularSub
info: CsdLean4/Mathlib/QuantumInfo/Reversible/ModularSub.lean:810:0: 2
info: CsdLean4/Mathlib/QuantumInfo/Reversible/ModularSub.lean:815:0: 3
info: CsdLean4/Mathlib/QuantumInfo/Reversible/ModularSub.lean:820:0: 0
info: CsdLean4/Mathlib/QuantumInfo/Reversible/ModularSub.lean:825:0: 3
ℹ [3788/3870] Replayed CsdLean4.Mathlib.QuantumInfo.Reversible.CuccaroModAdd
info: CsdLean4/Mathlib/QuantumInfo/Reversible/CuccaroModAdd.lean:852:0: 2
info: CsdLean4/Mathlib/QuantumInfo/Reversible/CuccaroModAdd.lean:857:0: 1
info: CsdLean4/Mathlib/QuantumInfo/Reversible/CuccaroModAdd.lean:862:0: false
info: CsdLean4/Mathlib/QuantumInfo/Reversible/CuccaroModAdd.lean:864:0: false
info: CsdLean4/Mathlib/QuantumInfo/Reversible/CuccaroModAdd.lean:868:0: false
info: CsdLean4/Mathlib/QuantumInfo/Reversible/CuccaroModAdd.lean:872:0: 0
info: CsdLean4/Mathlib/QuantumInfo/Reversible/CuccaroModAdd.lean:877:0: false
ℹ [3790/3870] Replayed CsdLean4.Mathlib.QuantumInfo.Reversible.GidneyAdder
info: CsdLean4/Mathlib/QuantumInfo/Reversible/GidneyAdder.lean:536:0: 1
info: CsdLean4/Mathlib/QuantumInfo/Reversible/GidneyAdder.lean:541:0: false
info: CsdLean4/Mathlib/QuantumInfo/Reversible/GidneyAdder.lean:545:0: 2
info: CsdLean4/Mathlib/QuantumInfo/Reversible/GidneyAdder.lean:548:0: 3
ℹ [3791/3870] Replayed CsdLean4.Mathlib.QuantumInfo.Reversible.ModularMul
info: CsdLean4/Mathlib/QuantumInfo/Reversible/ModularMul.lean:915:0: 0
info: CsdLean4/Mathlib/QuantumInfo/Reversible/ModularMul.lean:919:0: 1
info: CsdLean4/Mathlib/QuantumInfo/Reversible/ModularMul.lean:923:0: 2
ℹ [3805/3875] Replayed CsdLean4.Mathlib.QuantumInfo.Reversible.ModularConst
info: CsdLean4/Mathlib/QuantumInfo/Reversible/ModularConst.lean:487:0: 2
info: CsdLean4/Mathlib/QuantumInfo/Reversible/ModularConst.lean:492:0: 3
info: CsdLean4/Mathlib/QuantumInfo/Reversible/ModularConst.lean:497:0: 4
info: CsdLean4/Mathlib/QuantumInfo/Reversible/ModularConst.lean:666:0: 1
info: CsdLean4/Mathlib/QuantumInfo/Reversible/ModularConst.lean:671:0: 0
info: CsdLean4/Mathlib/QuantumInfo/Reversible/ModularConst.lean:676:0: 3
info: CsdLean4/Mathlib/QuantumInfo/Reversible/ModularConst.lean:758:0: 3
info: CsdLean4/Mathlib/QuantumInfo/Reversible/ModularConst.lean:763:0: 0
info: CsdLean4/Mathlib/QuantumInfo/Reversible/ModularConst.lean:768:0: 1
ℹ [3806/3875] Replayed CsdLean4.Mathlib.QuantumInfo.Reversible.ModularMulLoop
info: CsdLean4/Mathlib/QuantumInfo/Reversible/ModularMulLoop.lean:821:0: 0
info: CsdLean4/Mathlib/QuantumInfo/Reversible/ModularMulLoop.lean:825:0: 2
info: CsdLean4/Mathlib/QuantumInfo/Reversible/ModularMulLoop.lean:829:0: 1
ℹ [3823/3883] Replayed CsdLean4.Mathlib.QuantumInfo.Reversible.CuccaroModMul
info: CsdLean4/Mathlib/QuantumInfo/Reversible/CuccaroModMul.lean:1290:0: 0
info: CsdLean4/Mathlib/QuantumInfo/Reversible/CuccaroModMul.lean:1295:0: 1
info: CsdLean4/Mathlib/QuantumInfo/Reversible/CuccaroModMul.lean:1300:0: 2
info: CsdLean4/Mathlib/QuantumInfo/Reversible/CuccaroModMul.lean:1306:0: 0
info: CsdLean4/Mathlib/QuantumInfo/Reversible/CuccaroModMul.lean:1309:0: 0
info: CsdLean4/Mathlib/QuantumInfo/Reversible/CuccaroModMul.lean:1312:0: false
info: CsdLean4/Mathlib/QuantumInfo/Reversible/CuccaroModMul.lean:1314:0: false
info: CsdLean4/Mathlib/QuantumInfo/Reversible/CuccaroModMul.lean:1316:0: false
info: CsdLean4/Mathlib/QuantumInfo/Reversible/CuccaroModMul.lean:1320:0: 3
info: CsdLean4/Mathlib/QuantumInfo/Reversible/CuccaroModMul.lean:1323:0: 2
ℹ [4053/4114] Replayed CsdLean4.RecordLayer.ShearWitness
info: CsdLean4/RecordLayer/ShearWitness.lean:275:2: Try this:
  [apply] ring_nf

  The `ring` tactic failed to close the goal. Use `ring_nf` to obtain a normal form.

  Note that `ring` works primarily in *commutative* rings. If you have a noncommutative ring, abelian group or module, consider using `noncomm_ring`, `abel` or `module` instead.
info: CsdLean4/RecordLayer/ShearWitness.lean:293:4: Try this:
  [apply] ring_nf

  The `ring` tactic failed to close the goal. Use `ring_nf` to obtain a normal form.

  Note that `ring` works primarily in *commutative* rings. If you have a noncommutative ring, abelian group or module, consider using `noncomm_ring`, `abel` or `module` instead.
✔ [4064/4115] Built CsdLean4.Mathlib.QuantumInfo.AharonovBohmCircle (13s)
✔ [4537/4567] Built CsdLean4.Empirical.QM.AharonovBohm (11s)
✔ [4644/4670] Built CsdLean4.Mathlib.Analysis.InnerProductSpace.DiagonalOperator (14s)
✔ [4661/4670] Built CsdLean4.Mathlib.Analysis.Fourier.CircleSobolev (10s)
✔ [4675/4693] Built CsdLean4.Mathlib.Analysis.Fourier.Wigner (12s)
✔ [4676/4693] Built CsdLean4.Mathlib.Analysis.Fourier.WignerWeyl (11s)
✔ [4677/4693] Built CsdLean4.Mathlib.Analysis.Fourier.WignerCalculus (12s)
✔ [4678/4693] Built CsdLean4.Mathlib.Analysis.Fourier.MoyalBracket (11s)
✔ [4679/4693] Built CsdLean4 (16s)
✔ [4680/4693] Built CsdLean4.Tests.AxiomAudit.Incubator (10s)
✔ [4681/4693] Built CsdLean4.Tests.AxiomAudit.Witnesses (10s)
✔ [4682/4693] Built CsdLean4.Tests.AxiomAudit.Extensions (11s)
✔ [4683/4693] Built CsdLean4.Tests.AxiomAudit.MathlibStaging (16s)
✔ [4684/4693] Built CsdLean4.Tests.AxiomAudit.SigmaLayer (12s)
✔ [4685/4693] Built CsdLean4.Tests.AxiomAudit.Dynamics (10s)
✔ [4686/4693] Built CsdLean4.Tests.AxiomAudit.LF4 (10s)
✔ [4687/4693] Built CsdLean4.Tests.AxiomAudit.EmpiricalCSD (10s)
✔ [4688/4693] Built CsdLean4.Tests.AxiomAudit.EmpiricalQM (10s)
✔ [4689/4693] Built CsdLean4.Tests.AxiomAudit.Foundations (10s)
✔ [4690/4693] Built CsdLean4.Basic (10s)
✔ [4692/4693] Built CsdLean4.Tests.AxiomAudit (9.0s)
Build completed successfully (4693 jobs).
