{"command": "bash scripts/check-claims.sh", "exit_code": 0, "seconds": 169.21}
check-claims: verifying code against the canonical claims block…
  ok    imported axioms: none (zero-axiom posture — busch_effect_gleason discharged)
  ok    := True placeholders: none remain (all de-vacuumed)
  ok    FiniteQMClosure has 11 fields
  ok    all 9 backing theorems exist
  ok    no forbidden A5-overclaim phrases in forward-claim docs
  ok    no A5-mislabel aliases in the swept forward-claim docs (A5≠SO-1 kept distinct)
  ok    no epistemic overclaims (settled-claim words all cite proofs, not numerics/conjecture)
  ok    symplectic-vocabulary names == declared inventory (36 names, each with a recorded EVEN-parity justification)
  ok    symplectic-vocabulary FIELDS == declared inventory (5 fields)
  ok    vocabulary-bearing THEOREM names == declared inventory (145 names; the one known misnomer is declared)
  ok    KahlerOnticSetup instantiations == declared inventory (6 sites, each with a verified EVEN-parity Sigma)
  ok    group naming: SU( mentions == declared explanatory sites (7 files) — everything else says U(N), matching the quantifier
  ok    open-scope claims == declared inventory (32 files) — re-read these when a BACKLOG row is discharged
  ok    scope-expiry ledger: no boundary outlives its BACKLOG row (every open-scope file classified)
  ok    README: no unqualified "zero axioms" claim
  ok    landing surface: no em dashes in README or docs/TOUR.md
  ok    README: no dated correction lines (they belong in specs/archive)
  ok    README size 6142B (limit 6144B)
  ok    CITATION.cff C1 anchor names the newest C1 tag (v1.4.1-c1-complete)

check-claims: PASS

{"command": "bash scripts/check-claim-provenance.sh", "exit_code": 0, "seconds": 9.65}
check-claim-provenance: OK (no unwitnessed property claims, no type-level content claims, no unwitnessed reasons)

{"command": "bash scripts/check-doc-promises.sh", "exit_code": 0, "seconds": 2.04}
check-doc-promises: OK — every declaration and module path named in a docstring exists.
  (782 files scanned, 6 exception(s) declared.)

{"command": "bash scripts/check-residues.sh", "exit_code": 0, "seconds": 2.73}
residue registry: 19 rows (3 open, 3 boundary, 13 closed); 23 tags in 782 files
check-residues: OK

{"command": "bash scripts/check-references.sh", "exit_code": 0, "seconds": 1.1}
check-references: OK (41 entries, every cited_by resolves, every `[Key]` citation is known)
  coverage: 41 entries against ~135 distinct `Author YYYY` citations in Lean docstrings
            (§8.2 obligation — one entry per source plus line-precise citations — is OPEN;
             see specs/BACKLOG.md. This line measures the gap, it does not gate it.)

{"command": "bash scripts/check-terms.sh", "exit_code": 0, "seconds": 20.61}
  ok      Kahler 7 unmarked (pinned)
  ok      Hamiltonian 9 unmarked (pinned)
  ok      Liouville 3 unmarked (pinned)
  ok      MomentMap 4 unmarked (pinned)
check-terms: OK

{"command": "bash scripts/check-labels.sh", "exit_code": 0, "seconds": 5.76}
  ok      specs/BACKLOG.md 27 paper-prefixed row id(s) (pinned, grandfathered)
  ok      specs/future-work.md 0 paper-prefixed row id(s) (pinned, grandfathered)
  ok      no claims.yaml reference implies the file exists
check-labels: OK

{"command": "bash scripts/check-category-tags.sh", "exit_code": 0, "seconds": 1.03}
  ok      check-category-tags: 781 module(s), every tag canonical and by location

{"command": "bash scripts/check-placeholder-status.sh", "exit_code": 0, "seconds": 1.08}
check-placeholder-status: OK (9 §1 rows: 9 discharged with live witnesses, 0 still bannered)

{"command": "bash scripts/check-import-negative.sh", "exit_code": 0, "seconds": 3.25}
check-import-negative: OK (all declared import-independence claims hold)

{"command": "bash scripts/check-import-hygiene.sh", "exit_code": 0, "seconds": 6.28}
  ok    no bare `import Mathlib` in the production tree
  ok    no production module imports CsdLean4.Tests.*
  ok    stable->Incubator imports all match the declared seam inventory
  ok    every CsdLean4/Mathlib/ file imports only Mathlib and CsdLean4.Mathlib (exemptions: 0)
check-import-hygiene: OK

{"command": "bash scripts/check-validation-ledger.sh", "exit_code": 0, "seconds": 69.37}
check-validation-ledger: OK (76 linked headline claims)

{"command": "bash scripts/check-semantic-mutations.sh", "exit_code": 0, "seconds": 3.37}
check-semantic-mutations: OK (known semantic boundaries unchanged)
